// Jest Snapshot v1, https://goo.gl/fbAQLP

exports[`Dashboard Components Dashboard 1`] = `null`;

exports[`Dashboard Components Dashboard Item 1`] = `
<a
  className="link-unstyled"
>
  <div
    className="row"
  >
    <div
      className="border border-dark col-sm-4 p-3 margin-dash"
    >
      <h5
        className="text-center scaleIcon"
      >
        <i />
      </h5>
    </div>
    <div
      className="border border-dark col-sm-7 p-3 margin-dash"
    >
      <h4 />
      <p />
    </div>
  </div>
</a>
`;
